EN bram_param NULL /home/gfudge/fpga/server/fsm/rtl/bram_param.vhd sub00/vhpl02 1399994237
PB log_package log_package /home/gfudge/fpga/server/fsm/rtl/log_package.vhd sub00/vhpl01 1399994236
PH log_package NULL /home/gfudge/fpga/server/fsm/rtl/log_package.vhd sub00/vhpl00 1399994235
AR fsm rtl /home/gfudge/fpga/server/fsm/rtl/fsm.vhd sub00/vhpl05 1399995231
AR bram_param behavioural /home/gfudge/fpga/server/fsm/rtl/bram_param.vhd sub00/vhpl03 1399994238
EN fsm NULL /home/gfudge/fpga/server/fsm/rtl/fsm.vhd sub00/vhpl04 1399995230
