Release 14.2 - xst P.28xd (lin64)
Copyright (c) 1995-2012 Xilinx, Inc.  All rights reserved.
--> 
Parameter TMPDIR set to xst/projnav.tmp


Total REAL time to Xst completion: 1.00 secs
Total CPU time to Xst completion: 0.07 secs
 
--> 
Parameter xsthdpdir set to xst


Total REAL time to Xst completion: 1.00 secs
Total CPU time to Xst completion: 0.07 secs
 
--> 
Reading design: fsm.prj

TABLE OF CONTENTS
  1) Synthesis Options Summary
  2) HDL Compilation
  3) Design Hierarchy Analysis
  4) HDL Analysis
  5) HDL Synthesis
     5.1) HDL Synthesis Report
  6) Advanced HDL Synthesis
     6.1) Advanced HDL Synthesis Report
  7) Low Level Synthesis
  8) Partition Report
  9) Final Report
	9.1) Device utilization summary
	9.2) Partition Resource Summary
	9.3) TIMING REPORT


=========================================================================
*                      Synthesis Options Summary                        *
=========================================================================
---- Source Parameters
Input File Name                    : "fsm.prj"
Input Format                       : mixed
Ignore Synthesis Constraint File   : NO

---- Target Parameters
Output File Name                   : "fsm"
Output Format                      : NGC
Target Device                      : xc3s200-5-pq208

---- Source Options
Top Module Name                    : fsm
Automatic FSM Extraction           : YES
FSM Encoding Algorithm             : Auto
Safe Implementation                : No
FSM Style                          : LUT
RAM Extraction                     : Yes
RAM Style                          : Auto
ROM Extraction                     : Yes
Mux Style                          : Auto
Decoder Extraction                 : YES
Priority Encoder Extraction        : Yes
Shift Register Extraction          : YES
Logical Shifter Extraction         : YES
XOR Collapsing                     : YES
ROM Style                          : Auto
Mux Extraction                     : Yes
Resource Sharing                   : YES
Asynchronous To Synchronous        : NO
Multiplier Style                   : Auto
Automatic Register Balancing       : No

---- Target Options
Add IO Buffers                     : YES
Global Maximum Fanout              : 100000
Add Generic Clock Buffer(BUFG)     : 8
Register Duplication               : YES
Slice Packing                      : YES
Optimize Instantiated Primitives   : NO
Use Clock Enable                   : Yes
Use Synchronous Set                : Yes
Use Synchronous Reset              : Yes
Pack IO Registers into IOBs        : Auto
Equivalent register Removal        : YES

---- General Options
Optimization Goal                  : Speed
Optimization Effort                : 1
Keep Hierarchy                     : No
Netlist Hierarchy                  : As_Optimized
RTL Output                         : Yes
Global Optimization                : AllClockNets
Read Cores                         : YES
Write Timing Constraints           : NO
Cross Clock Analysis               : NO
Hierarchy Separator                : /
Bus Delimiter                      : <>
Case Specifier                     : Maintain
Slice Utilization Ratio            : 100
BRAM Utilization Ratio             : 100
Verilog 2001                       : YES
Auto BRAM Packing                  : NO
Slice Utilization Ratio Delta      : 5

=========================================================================


=========================================================================
*                          HDL Compilation                              *
=========================================================================
WARNING:HDLParsers:3607 - Unit work/fsm is now defined in a different file.  It was defined in "/home/gfudge/fpga/server/fsm/rtl/fsm.vhd", and is now defined in "/home/zel/elgf2/projects/fsm/rtl/fsm.vhd".
WARNING:HDLParsers:3607 - Unit work/fsm/rtl is now defined in a different file.  It was defined in "/home/gfudge/fpga/server/fsm/rtl/fsm.vhd", and is now defined in "/home/zel/elgf2/projects/fsm/rtl/fsm.vhd".
Compiling vhdl file "/home/zel/elgf2/projects/fsm/rtl/fsm.vhd" in Library work.
Architecture rtl of Entity fsm is up to date.

=========================================================================
*                     Design Hierarchy Analysis                         *
=========================================================================
Analyzing hierarchy for entity <fsm> in library <work> (architecture <rtl>).


=========================================================================
*                            HDL Analysis                               *
=========================================================================
Analyzing Entity <fsm> in library <work> (Architecture <rtl>).
INFO:Xst:1739 - HDL ADVISOR - "/home/zel/elgf2/projects/fsm/rtl/fsm.vhd" line 19: declaration of a buffer port will make it difficult for you to validate this design by simulation. It is preferable to declare it as output.
Entity <fsm> analyzed. Unit <fsm> generated.


=========================================================================
*                           HDL Synthesis                               *
=========================================================================

Performing bidirectional port resolution...

Synthesizing Unit <fsm>.
    Related source file is "/home/zel/elgf2/projects/fsm/rtl/fsm.vhd".
    Found 32-bit register for signal <dout>.
    Found 32-bit up counter for signal <maddr>.
    Found 1-bit register for signal <rdy>.
    Found 4-bit down counter for signal <cnt_ir>.
    Found 1-bit register for signal <state_ir<0>>.
    Summary:
	inferred   2 Counter(s).
	inferred  34 D-type flip-flop(s).
Unit <fsm> synthesized.


=========================================================================
HDL Synthesis Report

Macro Statistics
# Counters                                             : 2
 32-bit up counter                                     : 1
 4-bit down counter                                    : 1
# Registers                                            : 3
 1-bit register                                        : 2
 32-bit register                                       : 1

=========================================================================

=========================================================================
*                       Advanced HDL Synthesis                          *
=========================================================================


=========================================================================
Advanced HDL Synthesis Report

Macro Statistics
# Counters                                             : 2
 32-bit up counter                                     : 1
 4-bit down counter                                    : 1
# Registers                                            : 34
 Flip-Flops                                            : 34

=========================================================================

=========================================================================
*                         Low Level Synthesis                           *
=========================================================================

Optimizing unit <fsm> ...

Mapping all equations...
Building and optimizing final netlist ...
Found area constraint ratio of 100 (+ 5) on block fsm, actual ratio is 2.

Final Macro Processing ...

=========================================================================
Final Register Report

Macro Statistics
# Registers                                            : 70
 Flip-Flops                                            : 70

=========================================================================

=========================================================================
*                           Partition Report                            *
=========================================================================

Partition Implementation Status
-------------------------------

  No Partitions were found in this design.

-------------------------------

=========================================================================
*                            Final Report                               *
=========================================================================
Final Results
RTL Top Level Output File Name     : fsm.ngr
Top Level Output File Name         : fsm
Output Format                      : NGC
Optimization Goal                  : Speed
Keep Hierarchy                     : No

Design Statistics
# IOs                              : 136

Cell Usage :
# BELS                             : 107
#      GND                         : 1
#      INV                         : 1
#      LUT2                        : 1
#      LUT3                        : 34
#      LUT3_D                      : 1
#      LUT4                        : 5
#      MUXCY                       : 31
#      MUXF5                       : 1
#      XORCY                       : 32
# FlipFlops/Latches                : 70
#      FDCE                        : 69
#      FDE                         : 1
# Clock Buffers                    : 1
#      BUFGP                       : 1
# IO Buffers                       : 135
#      IBUF                        : 70
#      OBUF                        : 65
=========================================================================

Device utilization summary:
---------------------------

Selected Device : 3s200pq208-5 

 Number of Slices:                       40  out of   1920     2%  
 Number of Slice Flip Flops:             70  out of   3840     1%  
 Number of 4 input LUTs:                 42  out of   3840     1%  
 Number of IOs:                         136
 Number of bonded IOBs:                 136  out of    141    96%  
 Number of GCLKs:                         1  out of      8    12%  

---------------------------
Partition Resource Summary:
---------------------------

  No Partitions were found in this design.

---------------------------


=========================================================================
TIMING REPORT

NOTE: THESE TIMING NUMBERS ARE ONLY A SYNTHESIS ESTIMATE.
      FOR ACCURATE TIMING INFORMATION PLEASE REFER TO THE TRACE REPORT
      GENERATED AFTER PLACE-and-ROUTE.

Clock Information:
------------------
-----------------------------------+------------------------+-------+
Clock Signal                       | Clock buffer(FF name)  | Load  |
-----------------------------------+------------------------+-------+
clk                                | BUFGP                  | 70    |
-----------------------------------+------------------------+-------+

Asynchronous Control Signals Information:
----------------------------------------
-----------------------------------+------------------------+-------+
Control Signal                     | Buffer(FF name)        | Load  |
-----------------------------------+------------------------+-------+
reset                              | IBUF                   | 69    |
-----------------------------------+------------------------+-------+

Timing Summary:
---------------
Speed Grade: -5

   Minimum period: 6.001ns (Maximum Frequency: 166.645MHz)
   Minimum input arrival time before clock: 5.232ns
   Maximum output required time after clock: 6.280ns
   Maximum combinational path delay: No path found

Timing Detail:
--------------
All values displayed in nanoseconds (ns)

=========================================================================
Timing constraint: Default period analysis for Clock 'clk'
  Clock period: 6.001ns (frequency: 166.645MHz)
  Total number of paths / destination ports: 1325 / 108
-------------------------------------------------------------------------
Delay:               6.001ns (Levels of Logic = 33)
  Source:            state_ir_0 (FF)
  Destination:       maddr_31 (FF)
  Source Clock:      clk rising
  Destination Clock: clk rising

  Data Path: state_ir_0 to maddr_31
                                Gate     Net
    Cell:in->out      fanout   Delay   Delay  Logical Name (Net Name)
    ----------------------------------------  ------------
     FDCE:C->Q            73   0.626   1.834  state_ir_0 (state_ir_0)
     LUT3:I2->O            1   0.479   0.000  Mcount_maddr_lut<0> (Mcount_maddr_lut<0>)
     MUXCY:S->O            1   0.435   0.000  Mcount_maddr_cy<0> (Mcount_maddr_cy<0>)
     MUXCY:CI->O           1   0.056   0.000  Mcount_maddr_cy<1> (Mcount_maddr_cy<1>)
     MUXCY:CI->O           1   0.056   0.000  Mcount_maddr_cy<2> (Mcount_maddr_cy<2>)
     MUXCY:CI->O           1   0.056   0.000  Mcount_maddr_cy<3> (Mcount_maddr_cy<3>)
     MUXCY:CI->O           1   0.056   0.000  Mcount_maddr_cy<4> (Mcount_maddr_cy<4>)
     MUXCY:CI->O           1   0.056   0.000  Mcount_maddr_cy<5> (Mcount_maddr_cy<5>)
     MUXCY:CI->O           1   0.056   0.000  Mcount_maddr_cy<6> (Mcount_maddr_cy<6>)
     MUXCY:CI->O           1   0.056   0.000  Mcount_maddr_cy<7> (Mcount_maddr_cy<7>)
     MUXCY:CI->O           1   0.056   0.000  Mcount_maddr_cy<8> (Mcount_maddr_cy<8>)
     MUXCY:CI->O           1   0.056   0.000  Mcount_maddr_cy<9> (Mcount_maddr_cy<9>)
     MUXCY:CI->O           1   0.056   0.000  Mcount_maddr_cy<10> (Mcount_maddr_cy<10>)
     MUXCY:CI->O           1   0.056   0.000  Mcount_maddr_cy<11> (Mcount_maddr_cy<11>)
     MUXCY:CI->O           1   0.055   0.000  Mcount_maddr_cy<12> (Mcount_maddr_cy<12>)
     MUXCY:CI->O           1   0.056   0.000  Mcount_maddr_cy<13> (Mcount_maddr_cy<13>)
     MUXCY:CI->O           1   0.056   0.000  Mcount_maddr_cy<14> (Mcount_maddr_cy<14>)
     MUXCY:CI->O           1   0.056   0.000  Mcount_maddr_cy<15> (Mcount_maddr_cy<15>)
     MUXCY:CI->O           1   0.056   0.000  Mcount_maddr_cy<16> (Mcount_maddr_cy<16>)
     MUXCY:CI->O           1   0.056   0.000  Mcount_maddr_cy<17> (Mcount_maddr_cy<17>)
     MUXCY:CI->O           1   0.056   0.000  Mcount_maddr_cy<18> (Mcount_maddr_cy<18>)
     MUXCY:CI->O           1   0.056   0.000  Mcount_maddr_cy<19> (Mcount_maddr_cy<19>)
     MUXCY:CI->O           1   0.056   0.000  Mcount_maddr_cy<20> (Mcount_maddr_cy<20>)
     MUXCY:CI->O           1   0.056   0.000  Mcount_maddr_cy<21> (Mcount_maddr_cy<21>)
     MUXCY:CI->O           1   0.056   0.000  Mcount_maddr_cy<22> (Mcount_maddr_cy<22>)
     MUXCY:CI->O           1   0.056   0.000  Mcount_maddr_cy<23> (Mcount_maddr_cy<23>)
     MUXCY:CI->O           1   0.056   0.000  Mcount_maddr_cy<24> (Mcount_maddr_cy<24>)
     MUXCY:CI->O           1   0.056   0.000  Mcount_maddr_cy<25> (Mcount_maddr_cy<25>)
     MUXCY:CI->O           1   0.056   0.000  Mcount_maddr_cy<26> (Mcount_maddr_cy<26>)
     MUXCY:CI->O           1   0.056   0.000  Mcount_maddr_cy<27> (Mcount_maddr_cy<27>)
     MUXCY:CI->O           1   0.056   0.000  Mcount_maddr_cy<28> (Mcount_maddr_cy<28>)
     MUXCY:CI->O           1   0.056   0.000  Mcount_maddr_cy<29> (Mcount_maddr_cy<29>)
     MUXCY:CI->O           0   0.056   0.000  Mcount_maddr_cy<30> (Mcount_maddr_cy<30>)
     XORCY:CI->O           1   0.786   0.000  Mcount_maddr_xor<31> (Mcount_maddr31)
     FDCE:D                    0.176          maddr_31
    ----------------------------------------
    Total                      6.001ns (4.167ns logic, 1.834ns route)
                                       (69.4% logic, 30.6% route)

=========================================================================
Timing constraint: Default OFFSET IN BEFORE for Clock 'clk'
  Total number of paths / destination ports: 602 / 106
-------------------------------------------------------------------------
Offset:              5.232ns (Levels of Logic = 34)
  Source:            addr<0> (PAD)
  Destination:       maddr_31 (FF)
  Destination Clock: clk rising

  Data Path: addr<0> to maddr_31
                                Gate     Net
    Cell:in->out      fanout   Delay   Delay  Logical Name (Net Name)
    ----------------------------------------  ------------
     IBUF:I->O             1   0.715   0.976  addr_0_IBUF (addr_0_IBUF)
     LUT3:I0->O            1   0.479   0.000  Mcount_maddr_lut<0> (Mcount_maddr_lut<0>)
     MUXCY:S->O            1   0.435   0.000  Mcount_maddr_cy<0> (Mcount_maddr_cy<0>)
     MUXCY:CI->O           1   0.056   0.000  Mcount_maddr_cy<1> (Mcount_maddr_cy<1>)
     MUXCY:CI->O           1   0.056   0.000  Mcount_maddr_cy<2> (Mcount_maddr_cy<2>)
     MUXCY:CI->O           1   0.056   0.000  Mcount_maddr_cy<3> (Mcount_maddr_cy<3>)
     MUXCY:CI->O           1   0.056   0.000  Mcount_maddr_cy<4> (Mcount_maddr_cy<4>)
     MUXCY:CI->O           1   0.056   0.000  Mcount_maddr_cy<5> (Mcount_maddr_cy<5>)
     MUXCY:CI->O           1   0.056   0.000  Mcount_maddr_cy<6> (Mcount_maddr_cy<6>)
     MUXCY:CI->O           1   0.056   0.000  Mcount_maddr_cy<7> (Mcount_maddr_cy<7>)
     MUXCY:CI->O           1   0.056   0.000  Mcount_maddr_cy<8> (Mcount_maddr_cy<8>)
     MUXCY:CI->O           1   0.056   0.000  Mcount_maddr_cy<9> (Mcount_maddr_cy<9>)
     MUXCY:CI->O           1   0.056   0.000  Mcount_maddr_cy<10> (Mcount_maddr_cy<10>)
     MUXCY:CI->O           1   0.056   0.000  Mcount_maddr_cy<11> (Mcount_maddr_cy<11>)
     MUXCY:CI->O           1   0.055   0.000  Mcount_maddr_cy<12> (Mcount_maddr_cy<12>)
     MUXCY:CI->O           1   0.056   0.000  Mcount_maddr_cy<13> (Mcount_maddr_cy<13>)
     MUXCY:CI->O           1   0.056   0.000  Mcount_maddr_cy<14> (Mcount_maddr_cy<14>)
     MUXCY:CI->O           1   0.056   0.000  Mcount_maddr_cy<15> (Mcount_maddr_cy<15>)
     MUXCY:CI->O           1   0.056   0.000  Mcount_maddr_cy<16> (Mcount_maddr_cy<16>)
     MUXCY:CI->O           1   0.056   0.000  Mcount_maddr_cy<17> (Mcount_maddr_cy<17>)
     MUXCY:CI->O           1   0.056   0.000  Mcount_maddr_cy<18> (Mcount_maddr_cy<18>)
     MUXCY:CI->O           1   0.056   0.000  Mcount_maddr_cy<19> (Mcount_maddr_cy<19>)
     MUXCY:CI->O           1   0.056   0.000  Mcount_maddr_cy<20> (Mcount_maddr_cy<20>)
     MUXCY:CI->O           1   0.056   0.000  Mcount_maddr_cy<21> (Mcount_maddr_cy<21>)
     MUXCY:CI->O           1   0.056   0.000  Mcount_maddr_cy<22> (Mcount_maddr_cy<22>)
     MUXCY:CI->O           1   0.056   0.000  Mcount_maddr_cy<23> (Mcount_maddr_cy<23>)
     MUXCY:CI->O           1   0.056   0.000  Mcount_maddr_cy<24> (Mcount_maddr_cy<24>)
     MUXCY:CI->O           1   0.056   0.000  Mcount_maddr_cy<25> (Mcount_maddr_cy<25>)
     MUXCY:CI->O           1   0.056   0.000  Mcount_maddr_cy<26> (Mcount_maddr_cy<26>)
     MUXCY:CI->O           1   0.056   0.000  Mcount_maddr_cy<27> (Mcount_maddr_cy<27>)
     MUXCY:CI->O           1   0.056   0.000  Mcount_maddr_cy<28> (Mcount_maddr_cy<28>)
     MUXCY:CI->O           1   0.056   0.000  Mcount_maddr_cy<29> (Mcount_maddr_cy<29>)
     MUXCY:CI->O           0   0.056   0.000  Mcount_maddr_cy<30> (Mcount_maddr_cy<30>)
     XORCY:CI->O           1   0.786   0.000  Mcount_maddr_xor<31> (Mcount_maddr31)
     FDCE:D                    0.176          maddr_31
    ----------------------------------------
    Total                      5.232ns (4.256ns logic, 0.976ns route)
                                       (81.3% logic, 18.7% route)

=========================================================================
Timing constraint: Default OFFSET OUT AFTER for Clock 'clk'
  Total number of paths / destination ports: 65 / 65
-------------------------------------------------------------------------
Offset:              6.280ns (Levels of Logic = 1)
  Source:            maddr_31 (FF)
  Destination:       maddr<31> (PAD)
  Source Clock:      clk rising

  Data Path: maddr_31 to maddr<31>
                                Gate     Net
    Cell:in->out      fanout   Delay   Delay  Logical Name (Net Name)
    ----------------------------------------  ------------
     FDCE:C->Q             2   0.626   0.745  maddr_31 (maddr_31)
     OBUF:I->O                 4.909          maddr_31_OBUF (maddr<31>)
    ----------------------------------------
    Total                      6.280ns (5.535ns logic, 0.745ns route)
                                       (88.1% logic, 11.9% route)

=========================================================================


Total REAL time to Xst completion: 7.00 secs
Total CPU time to Xst completion: 6.79 secs
 
--> 


Total memory usage is 566788 kilobytes

Number of errors   :    0 (   0 filtered)
Number of warnings :    2 (   0 filtered)
Number of infos    :    1 (   0 filtered)

