AR param_add rtl /home/zel/elgf2/projects/mac/rtl/param_add.vhd sub00/vhpl06 1399590672
AR param_mult rtl /home/zel/elgf2/projects/mac/rtl/param_mult.vhd sub00/vhpl04 1399590670
EN param_reg NULL /home/zel/elgf2/projects/mac/rtl/param_reg.vhd sub00/vhpl01 1399590667
EN param_mult NULL /home/zel/elgf2/projects/mac/rtl/param_mult.vhd sub00/vhpl03 1399590669
AR param_reg rtl /home/zel/elgf2/projects/mac/rtl/param_reg.vhd sub00/vhpl02 1399590668
EN param_mac NULL /home/zel/elgf2/projects/mac/rtl/param_mac.vhd sub00/vhpl07 1399590673
EN param_add NULL /home/zel/elgf2/projects/mac/rtl/param_add.vhd sub00/vhpl05 1399590671
PH mac_package NULL /home/zel/elgf2/projects/mac/rtl/mac_package.vhd sub00/vhpl00 1399590666
AR param_mac struct /home/zel/elgf2/projects/mac/rtl/param_mac.vhd sub00/vhpl08 1399590674
