AR param_add rtl /home/gfudge/fpga/server/mac/rtl/param_add.vhd sub00/vhpl06 1399652106
AR param_mult rtl /home/gfudge/fpga/server/mac/rtl/param_mult.vhd sub00/vhpl04 1399652104
EN param_reg NULL /home/gfudge/fpga/server/mac/rtl/param_reg.vhd sub00/vhpl01 1399652101
EN param_mult NULL /home/gfudge/fpga/server/mac/rtl/param_mult.vhd sub00/vhpl03 1399652103
AR param_reg rtl /home/gfudge/fpga/server/mac/rtl/param_reg.vhd sub00/vhpl02 1399652102
EN param_mac NULL /home/gfudge/fpga/server/mac/rtl/param_mac.vhd sub00/vhpl07 1399652107
EN param_add NULL /home/gfudge/fpga/server/mac/rtl/param_add.vhd sub00/vhpl05 1399652105
PH mac_package NULL /home/gfudge/fpga/server/mac/rtl/mac_package.vhd sub00/vhpl00 1399652100
AR param_mac struct /home/gfudge/fpga/server/mac/rtl/param_mac.vhd sub00/vhpl08 1399652108
