V3 22
FL /home/gfudge/fpga/server/mac/rtl/mac_package.vhd 2014/05/09.16:49:04 P.20131013
PH work/mac_package 1399652100 \
      FL /home/gfudge/fpga/server/mac/rtl/mac_package.vhd PB ieee/std_logic_1164 1341906176
FL /home/gfudge/fpga/server/mac/rtl/param_add.vhd 2014/05/09.16:49:04 P.20131013
EN work/param_add 1399652105 FL /home/gfudge/fpga/server/mac/rtl/param_add.vhd \
      PB ieee/std_logic_1164 1341906176 PB ieee/STD_LOGIC_SIGNED 1341906179 \
      PB ieee/std_logic_arith 1341906177 PH work/mac_package 1399652100
AR work/param_add/rtl 1399652106 \
      FL /home/gfudge/fpga/server/mac/rtl/param_add.vhd EN work/param_add 1399652105
FL /home/gfudge/fpga/server/mac/rtl/param_mac.vhd 2014/05/09.17:14:53 P.20131013
EN work/param_mac 1399652107 FL /home/gfudge/fpga/server/mac/rtl/param_mac.vhd \
      PB ieee/std_logic_1164 1341906176 PB ieee/STD_LOGIC_SIGNED 1341906179 \
      PB ieee/std_logic_arith 1341906177 PH work/mac_package 1399652100
AR work/param_mac/struct 1399652108 \
      FL /home/gfudge/fpga/server/mac/rtl/param_mac.vhd EN work/param_mac 1399652107 \
      CP param_reg CP param_mult CP param_add
FL /home/gfudge/fpga/server/mac/rtl/param_mult.vhd 2014/05/09.16:49:04 P.20131013
EN work/param_mult 1399652103 FL /home/gfudge/fpga/server/mac/rtl/param_mult.vhd \
      PB ieee/std_logic_1164 1341906176 PB ieee/STD_LOGIC_SIGNED 1341906179 \
      PB ieee/std_logic_arith 1341906177 PH work/mac_package 1399652100
AR work/param_mult/rtl 1399652104 \
      FL /home/gfudge/fpga/server/mac/rtl/param_mult.vhd EN work/param_mult 1399652103
FL /home/gfudge/fpga/server/mac/rtl/param_reg.vhd 2014/05/09.16:49:04 P.20131013
EN work/param_reg 1399652101 FL /home/gfudge/fpga/server/mac/rtl/param_reg.vhd \
      PB ieee/std_logic_1164 1341906176 PH work/mac_package 1399652100
AR work/param_reg/rtl 1399652102 \
      FL /home/gfudge/fpga/server/mac/rtl/param_reg.vhd EN work/param_reg 1399652101
FL /home/zel/elgf2/projects/mac/rtl/mac_package.vhd 2014/02/27.15:24:47 P.20131013
FL /home/zel/elgf2/projects/mac/rtl/param_add.vhd 2014/02/27.15:54:02 P.20131013
FL /home/zel/elgf2/projects/mac/rtl/param_mac.vhd 2014/03/03.11:58:15 P.20131013
FL /home/zel/elgf2/projects/mac/rtl/param_mult.vhd 2014/02/27.15:56:05 P.20131013
FL /home/zel/elgf2/projects/mac/rtl/param_reg.vhd 2014/02/27.15:29:11 P.20131013
