V3 17
FL /home/zel/elgf2/projects/mac/rtl/mac_package.vhd 2014/02/27.15:24:47 P.28xd
PH work/mac_package 1399590666 \
      FL /home/zel/elgf2/projects/mac/rtl/mac_package.vhd PB ieee/std_logic_1164 1341906176
FL /home/zel/elgf2/projects/mac/rtl/param_add.vhd 2014/02/27.15:54:02 P.28xd
EN work/param_add 1399590671 FL /home/zel/elgf2/projects/mac/rtl/param_add.vhd \
      PB ieee/std_logic_1164 1341906176 PB ieee/STD_LOGIC_SIGNED 1341906179 \
      PB ieee/std_logic_arith 1341906177 PH work/mac_package 1399590666
AR work/param_add/rtl 1399590672 \
      FL /home/zel/elgf2/projects/mac/rtl/param_add.vhd EN work/param_add 1399590671
FL /home/zel/elgf2/projects/mac/rtl/param_mac.vhd 2014/03/03.11:58:15 P.28xd
EN work/param_mac 1399590673 FL /home/zel/elgf2/projects/mac/rtl/param_mac.vhd \
      PB ieee/std_logic_1164 1341906176 PB ieee/STD_LOGIC_SIGNED 1341906179 \
      PB ieee/std_logic_arith 1341906177 PH work/mac_package 1399590666
AR work/param_mac/struct 1399590674 \
      FL /home/zel/elgf2/projects/mac/rtl/param_mac.vhd EN work/param_mac 1399590673 \
      CP param_reg CP param_mult CP param_add
FL /home/zel/elgf2/projects/mac/rtl/param_mult.vhd 2014/02/27.15:56:05 P.28xd
EN work/param_mult 1399590669 FL /home/zel/elgf2/projects/mac/rtl/param_mult.vhd \
      PB ieee/std_logic_1164 1341906176 PB ieee/STD_LOGIC_SIGNED 1341906179 \
      PB ieee/std_logic_arith 1341906177 PH work/mac_package 1399590666
AR work/param_mult/rtl 1399590670 \
      FL /home/zel/elgf2/projects/mac/rtl/param_mult.vhd EN work/param_mult 1399590669
FL /home/zel/elgf2/projects/mac/rtl/param_reg.vhd 2014/02/27.15:29:11 P.28xd
EN work/param_reg 1399590667 FL /home/zel/elgf2/projects/mac/rtl/param_reg.vhd \
      PB ieee/std_logic_1164 1341906176 PH work/mac_package 1399590666
AR work/param_reg/rtl 1399590668 \
      FL /home/zel/elgf2/projects/mac/rtl/param_reg.vhd EN work/param_reg 1399590667
