EN bram_param NULL /home/gfudge/fpga/server/fsm/rtl/bram_param.vhd sub00/vhpl03 1399831632
PB log_package log_package /home/gfudge/fpga/server/fsm/rtl/log_package.vhd sub00/vhpl01 1399831630
PH log_package NULL /home/gfudge/fpga/server/fsm/rtl/log_package.vhd sub00/vhpl00 1399831629
AR fsm rtl /home/gfudge/fpga/server/fsm/rtl/fsm.vhd sub00/vhpl06 1399831635
AR bram_param behavioural /home/gfudge/fpga/server/fsm/rtl/bram_param.vhd sub00/vhpl04 1399831633
EN memctrl NULL /home/gfudge/fpga/server/fsm/rtl/memctrl.vhd sub00/vhpl07 1399831636
PH bram_package NULL /home/gfudge/fpga/server/fsm/rtl/bram_package.vhd sub00/vhpl02 1399831631
EN fsm NULL /home/gfudge/fpga/server/fsm/rtl/fsm.vhd sub00/vhpl05 1399831634
AR memctrl struct /home/gfudge/fpga/server/fsm/rtl/memctrl.vhd sub00/vhpl08 1399831637
