EN bram_param NULL /home/gfudge/fpga/server/fsm/rtl/bram_param.vhd sub00/vhpl03 1399830497
PB log_package log_package /home/gfudge/fpga/server/fsm/rtl/log_package.vhd sub00/vhpl01 1399830495
PH log_package NULL /home/gfudge/fpga/server/fsm/rtl/log_package.vhd sub00/vhpl00 1399830494
AR fsm rtl /home/gfudge/fpga/server/fsm/rtl/fsm.vhd sub00/vhpl06 1399830500
AR bram_param behavioural /home/gfudge/fpga/server/fsm/rtl/bram_param.vhd sub00/vhpl04 1399830498
EN memctrl NULL /home/gfudge/fpga/server/fsm/rtl/memctrl.vhd sub00/vhpl07 1399830501
PH bram_package NULL /home/gfudge/fpga/server/fsm/rtl/bram_package.vhd sub00/vhpl02 1399830496
EN fsm NULL /home/gfudge/fpga/server/fsm/rtl/fsm.vhd sub00/vhpl05 1399830499
AR memctrl struct /home/gfudge/fpga/server/fsm/rtl/memctrl.vhd sub00/vhpl08 1399830502
