EN bram_param NULL /home/gfudge/fpga/server/blkram/rtl/bram_param.vhd sub00/vhpl07 1399739744
PB log_package log_package /home/gfudge/fpga/server/blkram/rtl/log_package.vhd sub00/vhpl01 1399739738
PH log_package NULL /home/gfudge/fpga/server/blkram/rtl/log_package.vhd sub00/vhpl00 1399739737
EN param_reg NULL /home/gfudge/fpga/server/blkram/rtl/param_reg.vhd sub00/vhpl03 1399739740
AR bram_param behavioural /home/gfudge/fpga/server/blkram/rtl/bram_param.vhd sub00/vhpl08 1399739745
AR param_reg rtl /home/gfudge/fpga/server/blkram/rtl/param_reg.vhd sub00/vhpl04 1399739741
AR ram_piped struct /home/gfudge/fpga/server/blkram/rtl/ram_piped.vhd sub00/vhpl10 1399739747
EN reg_single NULL /home/gfudge/fpga/server/blkram/rtl/reg_single.vhd sub00/vhpl05 1399739742
PH bram_package NULL /home/gfudge/fpga/server/blkram/rtl/bram_package.vhd sub00/vhpl02 1399739739
AR reg_single rtl /home/gfudge/fpga/server/blkram/rtl/reg_single.vhd sub00/vhpl06 1399739743
EN ram_piped NULL /home/gfudge/fpga/server/blkram/rtl/ram_piped.vhd sub00/vhpl09 1399739746
