V3 26
FL /home/gfudge/fpga/server/blkram/rtl/bram_package.vhd 2014/05/09.16:49:04 P.20131013
PH work/bram_package 1399739739 \
      FL /home/gfudge/fpga/server/blkram/rtl/bram_package.vhd \
      PB ieee/std_logic_1164 1341906176
FL /home/gfudge/fpga/server/blkram/rtl/bram_param.vhd 2014/05/09.16:49:04 P.20131013
EN work/bram_param 1399739744 \
      FL /home/gfudge/fpga/server/blkram/rtl/bram_param.vhd \
      PB ieee/std_logic_1164 1341906176 PB ieee/STD_LOGIC_UNSIGNED 1341906179 \
      PB ieee/NUMERIC_STD 1341906182 PB work/log_package 1399739738
AR work/bram_param/behavioural 1399739745 \
      FL /home/gfudge/fpga/server/blkram/rtl/bram_param.vhd EN work/bram_param 1399739744
FL /home/gfudge/fpga/server/blkram/rtl/log_package.vhd 2014/05/09.16:49:04 P.20131013
PH work/log_package 1399739737 \
      FL /home/gfudge/fpga/server/blkram/rtl/log_package.vhd \
      PB ieee/std_logic_1164 1341906176
PB work/log_package 1399739738 \
      FL /home/gfudge/fpga/server/blkram/rtl/log_package.vhd PH work/log_package 1399739737
FL /home/gfudge/fpga/server/blkram/rtl/param_reg.vhd 2014/05/09.16:49:04 P.20131013
EN work/param_reg 1399739740 FL /home/gfudge/fpga/server/blkram/rtl/param_reg.vhd \
      PB ieee/std_logic_1164 1341906176
AR work/param_reg/rtl 1399739741 \
      FL /home/gfudge/fpga/server/blkram/rtl/param_reg.vhd EN work/param_reg 1399739740
FL /home/gfudge/fpga/server/blkram/rtl/ram_piped.vhd 2014/05/09.16:49:04 P.20131013
EN work/ram_piped 1399739746 FL /home/gfudge/fpga/server/blkram/rtl/ram_piped.vhd \
      PB ieee/std_logic_1164 1341906176 PH work/bram_package 1399739739 \
      PB work/log_package 1399739738
AR work/ram_piped/struct 1399739747 \
      FL /home/gfudge/fpga/server/blkram/rtl/ram_piped.vhd EN work/ram_piped 1399739746 \
      CP param_reg CP reg_single CP bram_param
FL /home/gfudge/fpga/server/blkram/rtl/reg_single.vhd 2014/05/09.16:49:04 P.20131013
EN work/reg_single 1399739742 \
      FL /home/gfudge/fpga/server/blkram/rtl/reg_single.vhd \
      PB ieee/std_logic_1164 1341906176
AR work/reg_single/rtl 1399739743 \
      FL /home/gfudge/fpga/server/blkram/rtl/reg_single.vhd EN work/reg_single 1399739742
FL /home/zel/elgf2/projects/blkram/rtl/bram_package.vhd 2014/03/12.11:23:32 P.20131013
FL /home/zel/elgf2/projects/blkram/rtl/bram_param.vhd 2014/03/04.09:40:36 P.20131013
FL /home/zel/elgf2/projects/blkram/rtl/log_package.vhd 2014/03/12.11:22:21 P.20131013
FL /home/zel/elgf2/projects/blkram/rtl/param_reg.vhd 2014/03/12.11:46:59 P.20131013
FL /home/zel/elgf2/projects/blkram/rtl/ram_piped.vhd 2014/03/12.12:11:54 P.20131013
FL /home/zel/elgf2/projects/blkram/rtl/reg_single.vhd 2014/03/12.12:16:32 P.20131013
